<?xml version="1.0" encoding="UTF-8"?>
<testsuites tests="1" failures="0" errors="0" time="3.131173">
	<testsuite tests="1" failures="0" time="0.195000" name="github.com/noscrape/noscrape" timestamp="2024-05-11T16:01:41+02:00">
		<properties>
			<property name="go.version" value="go1.22.2 darwin/arm64"></property>
		</properties>
		<testcase classname="github.com/noscrape/noscrape" name="TestHelloName" time="0.000000"></testcase>
	</testsuite>
	<testsuite tests="0" failures="0" time="0.000000" name="github.com/noscrape/noscrape/noscrape" timestamp="2024-05-11T16:01:41+02:00">
		<properties>
			<property name="go.version" value="go1.22.2 darwin/arm64"></property>
		</properties>
	</testsuite>
</testsuites>